opencc -c -o lbm.o -DSPEC_CPU                     -O3     lbm.c
opencc -c -o main.o -DSPEC_CPU                     -O3     main.c
opencc       -O3    lbm.o main.o   -lm        -o lbm
