opencc -c -o spec.o -DSPEC_CPU                     -O3     spec.c
opencc -c -o blocksort.o -DSPEC_CPU                     -O3     blocksort.c
opencc -c -o bzip2.o -DSPEC_CPU                     -O3     bzip2.c
opencc -c -o bzlib.o -DSPEC_CPU                     -O3     bzlib.c
opencc -c -o compress.o -DSPEC_CPU                     -O3     compress.c
opencc -c -o crctable.o -DSPEC_CPU                     -O3     crctable.c
opencc -c -o decompress.o -DSPEC_CPU                     -O3     decompress.c
opencc -c -o huffman.o -DSPEC_CPU                     -O3     huffman.c
opencc -c -o randtable.o -DSPEC_CPU                     -O3     randtable.c
opencc       -O3    spec.o blocksort.o bzip2.o bzlib.o compress.o crctable.o decompress.o huffman.o randtable.o           -o bzip2
