opencc -c -o alphabet.o -DSPEC_CPU                     -O3     alphabet.c
opencc -c -o core_algorithms.o -DSPEC_CPU                     -O3     core_algorithms.c
opencc -c -o debug.o -DSPEC_CPU                     -O3     debug.c
opencc -c -o display.o -DSPEC_CPU                     -O3     display.c
opencc -c -o emit.o -DSPEC_CPU                     -O3     emit.c
opencc -c -o emulation.o -DSPEC_CPU                     -O3     emulation.c
opencc -c -o fast_algorithms.o -DSPEC_CPU                     -O3     fast_algorithms.c
opencc -c -o histogram.o -DSPEC_CPU                     -O3     histogram.c
opencc -c -o hmmio.o -DSPEC_CPU                     -O3     hmmio.c
opencc -c -o hmmcalibrate.o -DSPEC_CPU                     -O3     hmmcalibrate.c
opencc -c -o hmmsearch.o -DSPEC_CPU                     -O3     hmmsearch.c
opencc -c -o mathsupport.o -DSPEC_CPU                     -O3     mathsupport.c
opencc -c -o masks.o -DSPEC_CPU                     -O3     masks.c
opencc -c -o misc.o -DSPEC_CPU                     -O3     misc.c
opencc -c -o modelmakers.o -DSPEC_CPU                     -O3     modelmakers.c
opencc -c -o plan7.o -DSPEC_CPU                     -O3     plan7.c
opencc -c -o plan9.o -DSPEC_CPU                     -O3     plan9.c
opencc -c -o postprob.o -DSPEC_CPU                     -O3     postprob.c
opencc -c -o prior.o -DSPEC_CPU                     -O3     prior.c
opencc -c -o tophits.o -DSPEC_CPU                     -O3     tophits.c
opencc -c -o trace.o -DSPEC_CPU                     -O3     trace.c
opencc -c -o ucbqsort.o -DSPEC_CPU                     -O3     ucbqsort.c
opencc -c -o a2m.o -DSPEC_CPU                     -O3     a2m.c
opencc -c -o aligneval.o -DSPEC_CPU                     -O3     aligneval.c
opencc -c -o alignio.o -DSPEC_CPU                     -O3     alignio.c
opencc -c -o clustal.o -DSPEC_CPU                     -O3     clustal.c
opencc -c -o cluster.o -DSPEC_CPU                     -O3     cluster.c
opencc -c -o dayhoff.o -DSPEC_CPU                     -O3     dayhoff.c
opencc -c -o eps.o -DSPEC_CPU                     -O3     eps.c
opencc -c -o file.o -DSPEC_CPU                     -O3     file.c
opencc -c -o getopt.o -DSPEC_CPU                     -O3     getopt.c
opencc -c -o gki.o -DSPEC_CPU                     -O3     gki.c
opencc -c -o gsi.o -DSPEC_CPU                     -O3     gsi.c
opencc -c -o hsregex.o -DSPEC_CPU                     -O3     hsregex.c
opencc -c -o iupac.o -DSPEC_CPU                     -O3     iupac.c
opencc -c -o msa.o -DSPEC_CPU                     -O3     msa.c
opencc -c -o msf.o -DSPEC_CPU                     -O3     msf.c
opencc -c -o phylip.o -DSPEC_CPU                     -O3     phylip.c
opencc -c -o revcomp.o -DSPEC_CPU                     -O3     revcomp.c
opencc -c -o rk.o -DSPEC_CPU                     -O3     rk.c
opencc -c -o selex.o -DSPEC_CPU                     -O3     selex.c
opencc -c -o seqencode.o -DSPEC_CPU                     -O3     seqencode.c
opencc -c -o shuffle.o -DSPEC_CPU                     -O3     shuffle.c
opencc -c -o sqerror.o -DSPEC_CPU                     -O3     sqerror.c
opencc -c -o sqio.o -DSPEC_CPU                     -O3     sqio.c
opencc -c -o squidcore.o -DSPEC_CPU                     -O3     squidcore.c
opencc -c -o sre_ctype.o -DSPEC_CPU                     -O3     sre_ctype.c
opencc -c -o sre_math.o -DSPEC_CPU                     -O3     sre_math.c
opencc -c -o sre_random.o -DSPEC_CPU                     -O3     sre_random.c
opencc -c -o sre_string.o -DSPEC_CPU                     -O3     sre_string.c
opencc -c -o ssi.o -DSPEC_CPU                     -O3     ssi.c
opencc -c -o stack.o -DSPEC_CPU                     -O3     stack.c
opencc -c -o stockholm.o -DSPEC_CPU                     -O3     stockholm.c
opencc -c -o translate.o -DSPEC_CPU                     -O3     translate.c
opencc -c -o types.o -DSPEC_CPU                     -O3     types.c
opencc -c -o vectorops.o -DSPEC_CPU                     -O3     vectorops.c
opencc -c -o weight.o -DSPEC_CPU                     -O3     weight.c
opencc       -O3    alphabet.o core_algorithms.o debug.o display.o emit.o emulation.o fast_algorithms.o histogram.o hmmio.o hmmcalibrate.o hmmsearch.o mathsupport.o masks.o misc.o modelmakers.o plan7.o plan9.o postprob.o prior.o tophits.o trace.o ucbqsort.o a2m.o aligneval.o alignio.o clustal.o cluster.o dayhoff.o eps.o file.o getopt.o gki.o gsi.o hsregex.o iupac.o msa.o msf.o phylip.o revcomp.o rk.o selex.o seqencode.o shuffle.o sqerror.o sqio.o squidcore.o sre_ctype.o sre_math.o sre_random.o sre_string.o ssi.o stack.o stockholm.o translate.o types.o vectorops.o weight.o   -lm        -o hmmer
