openCC -c -o AIXPlatformUtils.o -DSPEC_CPU         -DSPEC_CPU_LINUX  -DNDEBUG -DAPP_NO_THREADS -DXALAN_INMEM_MSG_LOADER -I. -Ixercesc -Ixercesc/dom -Ixercesc/dom/impl -Ixercesc/sax -Ixercesc/util/MsgLoaders/InMemory -Ixercesc/util/Transcoders/Iconv -Ixalanc/include -DPROJ_XMLPARSER -DPROJ_XMLUTIL -DPROJ_PARSERS -DPROJ_SAX4C -DPROJ_SAX2 -DPROJ_DOM -DPROJ_VALIDATORS -DXML_USE_NATIVE_TRANSCODER -DXML_USE_INMEM_MESSAGELOADER -DXML_USE_PTHREADS  -O3  AIXPlatformUtils.cpp
