ifort -c -o errorcheck.o                     -O3    errorcheck.f90
