opencc -c -o mcf.o -DSPEC_CPU               -DWANT_STDC_PROTO      -O3     mcf.c
opencc -c -o mcfutil.o -DSPEC_CPU               -DWANT_STDC_PROTO      -O3     mcfutil.c
opencc -c -o readmin.o -DSPEC_CPU               -DWANT_STDC_PROTO      -O3     readmin.c
opencc -c -o implicit.o -DSPEC_CPU               -DWANT_STDC_PROTO      -O3     implicit.c
opencc -c -o pstart.o -DSPEC_CPU               -DWANT_STDC_PROTO      -O3     pstart.c
opencc -c -o output.o -DSPEC_CPU               -DWANT_STDC_PROTO      -O3     output.c
opencc -c -o treeup.o -DSPEC_CPU               -DWANT_STDC_PROTO      -O3     treeup.c
opencc -c -o pbla.o -DSPEC_CPU               -DWANT_STDC_PROTO      -O3     pbla.c
opencc -c -o pflowup.o -DSPEC_CPU               -DWANT_STDC_PROTO      -O3     pflowup.c
opencc -c -o psimplex.o -DSPEC_CPU               -DWANT_STDC_PROTO      -O3     psimplex.c
opencc -c -o pbeampp.o -DSPEC_CPU               -DWANT_STDC_PROTO      -O3     pbeampp.c
opencc       -O3    mcf.o mcfutil.o readmin.o implicit.o pstart.o output.o treeup.o pbla.o pflowup.o psimplex.o pbeampp.o   -lm        -o mcf
