opencc -c -o spec_main_live_pretend.o -DSPEC_CPU   -I. -DSPEC_CPU -DHAVE_CONFIG_H -I. -Ilibutil                   -O3     spec_main_live_pretend.c
opencc -c -o parse_args_file.o -DSPEC_CPU   -I. -DSPEC_CPU -DHAVE_CONFIG_H -I. -Ilibutil                   -O3     parse_args_file.c
opencc -c -o live.o -DSPEC_CPU   -I. -DSPEC_CPU -DHAVE_CONFIG_H -I. -Ilibutil                   -O3     live.c
opencc -c -o agc.o -DSPEC_CPU   -I. -DSPEC_CPU -DHAVE_CONFIG_H -I. -Ilibutil                   -O3     agc.c
opencc -c -o approx_cont_mgau.o -DSPEC_CPU   -I. -DSPEC_CPU -DHAVE_CONFIG_H -I. -Ilibutil                   -O3     approx_cont_mgau.c
opencc -c -o ascr.o -DSPEC_CPU   -I. -DSPEC_CPU -DHAVE_CONFIG_H -I. -Ilibutil                   -O3     ascr.c
opencc -c -o beam.o -DSPEC_CPU   -I. -DSPEC_CPU -DHAVE_CONFIG_H -I. -Ilibutil                   -O3     beam.c
opencc -c -o bio.o -DSPEC_CPU   -I. -DSPEC_CPU -DHAVE_CONFIG_H -I. -Ilibutil                   -O3     bio.c
opencc -c -o case.o -DSPEC_CPU   -I. -DSPEC_CPU -DHAVE_CONFIG_H -I. -Ilibutil                   -O3     case.c
opencc -c -o ckd_alloc.o -DSPEC_CPU   -I. -DSPEC_CPU -DHAVE_CONFIG_H -I. -Ilibutil                   -O3     ckd_alloc.c
opencc -c -o cmd_ln.o -DSPEC_CPU   -I. -DSPEC_CPU -DHAVE_CONFIG_H -I. -Ilibutil                   -O3     cmd_ln.c
opencc -c -o cmn.o -DSPEC_CPU   -I. -DSPEC_CPU -DHAVE_CONFIG_H -I. -Ilibutil                   -O3     cmn.c
opencc -c -o cmn_prior.o -DSPEC_CPU   -I. -DSPEC_CPU -DHAVE_CONFIG_H -I. -Ilibutil                   -O3     cmn_prior.c
opencc -c -o cont_mgau.o -DSPEC_CPU   -I. -DSPEC_CPU -DHAVE_CONFIG_H -I. -Ilibutil                   -O3     cont_mgau.c
opencc -c -o dict.o -DSPEC_CPU   -I. -DSPEC_CPU -DHAVE_CONFIG_H -I. -Ilibutil                   -O3     dict.c
opencc -c -o dict2pid.o -DSPEC_CPU   -I. -DSPEC_CPU -DHAVE_CONFIG_H -I. -Ilibutil                   -O3     dict2pid.c
opencc -c -o err.o -DSPEC_CPU   -I. -DSPEC_CPU -DHAVE_CONFIG_H -I. -Ilibutil                   -O3     err.c
opencc -c -o feat.o -DSPEC_CPU   -I. -DSPEC_CPU -DHAVE_CONFIG_H -I. -Ilibutil                   -O3     feat.c
opencc -c -o fillpen.o -DSPEC_CPU   -I. -DSPEC_CPU -DHAVE_CONFIG_H -I. -Ilibutil                   -O3     fillpen.c
opencc -c -o glist.o -DSPEC_CPU   -I. -DSPEC_CPU -DHAVE_CONFIG_H -I. -Ilibutil                   -O3     glist.c
opencc -c -o gs.o -DSPEC_CPU   -I. -DSPEC_CPU -DHAVE_CONFIG_H -I. -Ilibutil                   -O3     gs.c
opencc -c -o hash.o -DSPEC_CPU   -I. -DSPEC_CPU -DHAVE_CONFIG_H -I. -Ilibutil                   -O3     hash.c
opencc -c -o heap.o -DSPEC_CPU   -I. -DSPEC_CPU -DHAVE_CONFIG_H -I. -Ilibutil                   -O3     heap.c
opencc -c -o hmm.o -DSPEC_CPU   -I. -DSPEC_CPU -DHAVE_CONFIG_H -I. -Ilibutil                   -O3     hmm.c
opencc -c -o io.o -DSPEC_CPU   -I. -DSPEC_CPU -DHAVE_CONFIG_H -I. -Ilibutil                   -O3     io.c
opencc -c -o kb.o -DSPEC_CPU   -I. -DSPEC_CPU -DHAVE_CONFIG_H -I. -Ilibutil                   -O3     kb.c
opencc -c -o kbcore.o -DSPEC_CPU   -I. -DSPEC_CPU -DHAVE_CONFIG_H -I. -Ilibutil                   -O3     kbcore.c
opencc -c -o lextree.o -DSPEC_CPU   -I. -DSPEC_CPU -DHAVE_CONFIG_H -I. -Ilibutil                   -O3     lextree.c
opencc -c -o lm.o -DSPEC_CPU   -I. -DSPEC_CPU -DHAVE_CONFIG_H -I. -Ilibutil                   -O3     lm.c
opencc -c -o lmclass.o -DSPEC_CPU   -I. -DSPEC_CPU -DHAVE_CONFIG_H -I. -Ilibutil                   -O3     lmclass.c
opencc -c -o logs3.o -DSPEC_CPU   -I. -DSPEC_CPU -DHAVE_CONFIG_H -I. -Ilibutil                   -O3     logs3.c
opencc -c -o mdef.o -DSPEC_CPU   -I. -DSPEC_CPU -DHAVE_CONFIG_H -I. -Ilibutil                   -O3     mdef.c
opencc -c -o new_fe.o -DSPEC_CPU   -I. -DSPEC_CPU -DHAVE_CONFIG_H -I. -Ilibutil                   -O3     new_fe.c
opencc -c -o new_fe_sp.o -DSPEC_CPU   -I. -DSPEC_CPU -DHAVE_CONFIG_H -I. -Ilibutil                   -O3     new_fe_sp.c
opencc -c -o profile.o -DSPEC_CPU   -I. -DSPEC_CPU -DHAVE_CONFIG_H -I. -Ilibutil                   -O3     profile.c
opencc -c -o specrand.o -DSPEC_CPU   -I. -DSPEC_CPU -DHAVE_CONFIG_H -I. -Ilibutil                   -O3     specrand.c
opencc -c -o str2words.o -DSPEC_CPU   -I. -DSPEC_CPU -DHAVE_CONFIG_H -I. -Ilibutil                   -O3     str2words.c
opencc -c -o subvq.o -DSPEC_CPU   -I. -DSPEC_CPU -DHAVE_CONFIG_H -I. -Ilibutil                   -O3     subvq.c
opencc -c -o tmat.o -DSPEC_CPU   -I. -DSPEC_CPU -DHAVE_CONFIG_H -I. -Ilibutil                   -O3     tmat.c
opencc -c -o unlimit.o -DSPEC_CPU   -I. -DSPEC_CPU -DHAVE_CONFIG_H -I. -Ilibutil                   -O3     unlimit.c
opencc -c -o utt.o -DSPEC_CPU   -I. -DSPEC_CPU -DHAVE_CONFIG_H -I. -Ilibutil                   -O3     utt.c
opencc -c -o vector.o -DSPEC_CPU   -I. -DSPEC_CPU -DHAVE_CONFIG_H -I. -Ilibutil                   -O3     vector.c
opencc -c -o vithist.o -DSPEC_CPU   -I. -DSPEC_CPU -DHAVE_CONFIG_H -I. -Ilibutil                   -O3     vithist.c
opencc -c -o wid.o -DSPEC_CPU   -I. -DSPEC_CPU -DHAVE_CONFIG_H -I. -Ilibutil                   -O3     wid.c
opencc       -O3    spec_main_live_pretend.o parse_args_file.o live.o agc.o approx_cont_mgau.o ascr.o beam.o bio.o case.o ckd_alloc.o cmd_ln.o cmn.o cmn_prior.o cont_mgau.o dict.o dict2pid.o err.o feat.o fillpen.o glist.o gs.o hash.o heap.o hmm.o io.o kb.o kbcore.o lextree.o lm.o lmclass.o logs3.o mdef.o new_fe.o new_fe_sp.o profile.o specrand.o str2words.o subvq.o tmat.o unlimit.o utt.o vector.o vithist.o wid.o   -lm        -o sphinx_livepretend
