ifort -c -o flincs.o                     -O3    flincs.f
