opencc -c -o control.o -DSPEC_CPU   -I. -DFN -DFAST -DCONGRAD_TMP_VECTORS -DDSLASH_TMP_LINKS                  -O3     control.c
opencc -c -o f_meas.o -DSPEC_CPU   -I. -DFN -DFAST -DCONGRAD_TMP_VECTORS -DDSLASH_TMP_LINKS                  -O3     f_meas.c
opencc -c -o gauge_info.o -DSPEC_CPU   -I. -DFN -DFAST -DCONGRAD_TMP_VECTORS -DDSLASH_TMP_LINKS                  -O3     gauge_info.c
opencc -c -o setup.o -DSPEC_CPU   -I. -DFN -DFAST -DCONGRAD_TMP_VECTORS -DDSLASH_TMP_LINKS                  -O3     setup.c
opencc -c -o update.o -DSPEC_CPU   -I. -DFN -DFAST -DCONGRAD_TMP_VECTORS -DDSLASH_TMP_LINKS                  -O3     update.c
opencc -c -o update_h.o -DSPEC_CPU   -I. -DFN -DFAST -DCONGRAD_TMP_VECTORS -DDSLASH_TMP_LINKS                  -O3     update_h.c
opencc -c -o update_u.o -DSPEC_CPU   -I. -DFN -DFAST -DCONGRAD_TMP_VECTORS -DDSLASH_TMP_LINKS                  -O3     update_u.c
opencc -c -o layout_hyper.o -DSPEC_CPU   -I. -DFN -DFAST -DCONGRAD_TMP_VECTORS -DDSLASH_TMP_LINKS                  -O3     layout_hyper.c
opencc -c -o check_unitarity.o -DSPEC_CPU   -I. -DFN -DFAST -DCONGRAD_TMP_VECTORS -DDSLASH_TMP_LINKS                  -O3     check_unitarity.c
opencc -c -o d_plaq4.o -DSPEC_CPU   -I. -DFN -DFAST -DCONGRAD_TMP_VECTORS -DDSLASH_TMP_LINKS                  -O3     d_plaq4.c
opencc -c -o gaugefix2.o -DSPEC_CPU   -I. -DFN -DFAST -DCONGRAD_TMP_VECTORS -DDSLASH_TMP_LINKS                  -O3     gaugefix2.c
opencc -c -o io_helpers.o -DSPEC_CPU   -I. -DFN -DFAST -DCONGRAD_TMP_VECTORS -DDSLASH_TMP_LINKS                  -O3     io_helpers.c
opencc -c -o io_lat4.o -DSPEC_CPU   -I. -DFN -DFAST -DCONGRAD_TMP_VECTORS -DDSLASH_TMP_LINKS                  -O3     io_lat4.c
opencc -c -o make_lattice.o -DSPEC_CPU   -I. -DFN -DFAST -DCONGRAD_TMP_VECTORS -DDSLASH_TMP_LINKS                  -O3     make_lattice.c
opencc -c -o path_product.o -DSPEC_CPU   -I. -DFN -DFAST -DCONGRAD_TMP_VECTORS -DDSLASH_TMP_LINKS                  -O3     path_product.c
opencc -c -o ploop3.o -DSPEC_CPU   -I. -DFN -DFAST -DCONGRAD_TMP_VECTORS -DDSLASH_TMP_LINKS                  -O3     ploop3.c
opencc -c -o ranmom.o -DSPEC_CPU   -I. -DFN -DFAST -DCONGRAD_TMP_VECTORS -DDSLASH_TMP_LINKS                  -O3     ranmom.c
opencc -c -o ranstuff.o -DSPEC_CPU   -I. -DFN -DFAST -DCONGRAD_TMP_VECTORS -DDSLASH_TMP_LINKS                  -O3     ranstuff.c
opencc -c -o reunitarize2.o -DSPEC_CPU   -I. -DFN -DFAST -DCONGRAD_TMP_VECTORS -DDSLASH_TMP_LINKS                  -O3     reunitarize2.c
opencc -c -o gauge_stuff.o -DSPEC_CPU   -I. -DFN -DFAST -DCONGRAD_TMP_VECTORS -DDSLASH_TMP_LINKS                  -O3     gauge_stuff.c
opencc -c -o grsource_imp.o -DSPEC_CPU   -I. -DFN -DFAST -DCONGRAD_TMP_VECTORS -DDSLASH_TMP_LINKS                  -O3     grsource_imp.c
opencc -c -o mat_invert.o -DSPEC_CPU   -I. -DFN -DFAST -DCONGRAD_TMP_VECTORS -DDSLASH_TMP_LINKS                  -O3     mat_invert.c
opencc -c -o quark_stuff.o -DSPEC_CPU   -I. -DFN -DFAST -DCONGRAD_TMP_VECTORS -DDSLASH_TMP_LINKS                  -O3     quark_stuff.c
opencc -c -o rephase.o -DSPEC_CPU   -I. -DFN -DFAST -DCONGRAD_TMP_VECTORS -DDSLASH_TMP_LINKS                  -O3     rephase.c
opencc -c -o cmplx.o -DSPEC_CPU   -I. -DFN -DFAST -DCONGRAD_TMP_VECTORS -DDSLASH_TMP_LINKS                  -O3     cmplx.c
opencc -c -o addmat.o -DSPEC_CPU   -I. -DFN -DFAST -DCONGRAD_TMP_VECTORS -DDSLASH_TMP_LINKS                  -O3     addmat.c
opencc -c -o addvec.o -DSPEC_CPU   -I. -DFN -DFAST -DCONGRAD_TMP_VECTORS -DDSLASH_TMP_LINKS                  -O3     addvec.c
opencc -c -o clear_mat.o -DSPEC_CPU   -I. -DFN -DFAST -DCONGRAD_TMP_VECTORS -DDSLASH_TMP_LINKS                  -O3     clear_mat.c
opencc -c -o clearvec.o -DSPEC_CPU   -I. -DFN -DFAST -DCONGRAD_TMP_VECTORS -DDSLASH_TMP_LINKS                  -O3     clearvec.c
opencc -c -o m_amatvec.o -DSPEC_CPU   -I. -DFN -DFAST -DCONGRAD_TMP_VECTORS -DDSLASH_TMP_LINKS                  -O3     m_amatvec.c
opencc -c -o m_mat_an.o -DSPEC_CPU   -I. -DFN -DFAST -DCONGRAD_TMP_VECTORS -DDSLASH_TMP_LINKS                  -O3     m_mat_an.c
opencc -c -o m_mat_na.o -DSPEC_CPU   -I. -DFN -DFAST -DCONGRAD_TMP_VECTORS -DDSLASH_TMP_LINKS                  -O3     m_mat_na.c
opencc -c -o m_mat_nn.o -DSPEC_CPU   -I. -DFN -DFAST -DCONGRAD_TMP_VECTORS -DDSLASH_TMP_LINKS                  -O3     m_mat_nn.c
opencc -c -o m_matvec.o -DSPEC_CPU   -I. -DFN -DFAST -DCONGRAD_TMP_VECTORS -DDSLASH_TMP_LINKS                  -O3     m_matvec.c
opencc -c -o make_ahmat.o -DSPEC_CPU   -I. -DFN -DFAST -DCONGRAD_TMP_VECTORS -DDSLASH_TMP_LINKS                  -O3     make_ahmat.c
opencc -c -o rand_ahmat.o -DSPEC_CPU   -I. -DFN -DFAST -DCONGRAD_TMP_VECTORS -DDSLASH_TMP_LINKS                  -O3     rand_ahmat.c
opencc -c -o realtr.o -DSPEC_CPU   -I. -DFN -DFAST -DCONGRAD_TMP_VECTORS -DDSLASH_TMP_LINKS                  -O3     realtr.c
opencc -c -o s_m_a_mat.o -DSPEC_CPU   -I. -DFN -DFAST -DCONGRAD_TMP_VECTORS -DDSLASH_TMP_LINKS                  -O3     s_m_a_mat.c
opencc -c -o s_m_a_vec.o -DSPEC_CPU   -I. -DFN -DFAST -DCONGRAD_TMP_VECTORS -DDSLASH_TMP_LINKS                  -O3     s_m_a_vec.c
opencc -c -o s_m_s_mat.o -DSPEC_CPU   -I. -DFN -DFAST -DCONGRAD_TMP_VECTORS -DDSLASH_TMP_LINKS                  -O3     s_m_s_mat.c
opencc -c -o s_m_vec.o -DSPEC_CPU   -I. -DFN -DFAST -DCONGRAD_TMP_VECTORS -DDSLASH_TMP_LINKS                  -O3     s_m_vec.c
opencc -c -o s_m_mat.o -DSPEC_CPU   -I. -DFN -DFAST -DCONGRAD_TMP_VECTORS -DDSLASH_TMP_LINKS                  -O3     s_m_mat.c
opencc -c -o su3_adjoint.o -DSPEC_CPU   -I. -DFN -DFAST -DCONGRAD_TMP_VECTORS -DDSLASH_TMP_LINKS                  -O3     su3_adjoint.c
opencc -c -o su3_dot.o -DSPEC_CPU   -I. -DFN -DFAST -DCONGRAD_TMP_VECTORS -DDSLASH_TMP_LINKS                  -O3     su3_dot.c
opencc -c -o su3_rdot.o -DSPEC_CPU   -I. -DFN -DFAST -DCONGRAD_TMP_VECTORS -DDSLASH_TMP_LINKS                  -O3     su3_rdot.c
opencc -c -o su3_proj.o -DSPEC_CPU   -I. -DFN -DFAST -DCONGRAD_TMP_VECTORS -DDSLASH_TMP_LINKS                  -O3     su3_proj.c
opencc -c -o su3mat_copy.o -DSPEC_CPU   -I. -DFN -DFAST -DCONGRAD_TMP_VECTORS -DDSLASH_TMP_LINKS                  -O3     su3mat_copy.c
opencc -c -o submat.o -DSPEC_CPU   -I. -DFN -DFAST -DCONGRAD_TMP_VECTORS -DDSLASH_TMP_LINKS                  -O3     submat.c
opencc -c -o subvec.o -DSPEC_CPU   -I. -DFN -DFAST -DCONGRAD_TMP_VECTORS -DDSLASH_TMP_LINKS                  -O3     subvec.c
opencc -c -o trace_su3.o -DSPEC_CPU   -I. -DFN -DFAST -DCONGRAD_TMP_VECTORS -DDSLASH_TMP_LINKS                  -O3     trace_su3.c
opencc -c -o uncmp_ahmat.o -DSPEC_CPU   -I. -DFN -DFAST -DCONGRAD_TMP_VECTORS -DDSLASH_TMP_LINKS                  -O3     uncmp_ahmat.c
opencc -c -o msq_su3vec.o -DSPEC_CPU   -I. -DFN -DFAST -DCONGRAD_TMP_VECTORS -DDSLASH_TMP_LINKS                  -O3     msq_su3vec.c
opencc -c -o sub4vecs.o -DSPEC_CPU   -I. -DFN -DFAST -DCONGRAD_TMP_VECTORS -DDSLASH_TMP_LINKS                  -O3     sub4vecs.c
opencc -c -o m_amv_4dir.o -DSPEC_CPU   -I. -DFN -DFAST -DCONGRAD_TMP_VECTORS -DDSLASH_TMP_LINKS                  -O3     m_amv_4dir.c
opencc -c -o m_amv_4vec.o -DSPEC_CPU   -I. -DFN -DFAST -DCONGRAD_TMP_VECTORS -DDSLASH_TMP_LINKS                  -O3     m_amv_4vec.c
opencc -c -o m_mv_s_4dir.o -DSPEC_CPU   -I. -DFN -DFAST -DCONGRAD_TMP_VECTORS -DDSLASH_TMP_LINKS                  -O3     m_mv_s_4dir.c
opencc -c -o m_su2_mat_vec_n.o -DSPEC_CPU   -I. -DFN -DFAST -DCONGRAD_TMP_VECTORS -DDSLASH_TMP_LINKS                  -O3     m_su2_mat_vec_n.c
opencc -c -o l_su2_hit_n.o -DSPEC_CPU   -I. -DFN -DFAST -DCONGRAD_TMP_VECTORS -DDSLASH_TMP_LINKS                  -O3     l_su2_hit_n.c
opencc -c -o r_su2_hit_a.o -DSPEC_CPU   -I. -DFN -DFAST -DCONGRAD_TMP_VECTORS -DDSLASH_TMP_LINKS                  -O3     r_su2_hit_a.c
opencc -c -o m_su2_mat_vec_a.o -DSPEC_CPU   -I. -DFN -DFAST -DCONGRAD_TMP_VECTORS -DDSLASH_TMP_LINKS                  -O3     m_su2_mat_vec_a.c
opencc -c -o gaussrand.o -DSPEC_CPU   -I. -DFN -DFAST -DCONGRAD_TMP_VECTORS -DDSLASH_TMP_LINKS                  -O3     gaussrand.c
opencc -c -o byterevn.o -DSPEC_CPU   -I. -DFN -DFAST -DCONGRAD_TMP_VECTORS -DDSLASH_TMP_LINKS                  -O3     byterevn.c
opencc -c -o m_mat_hwvec.o -DSPEC_CPU   -I. -DFN -DFAST -DCONGRAD_TMP_VECTORS -DDSLASH_TMP_LINKS                  -O3     m_mat_hwvec.c
opencc -c -o m_amat_hwvec.o -DSPEC_CPU   -I. -DFN -DFAST -DCONGRAD_TMP_VECTORS -DDSLASH_TMP_LINKS                  -O3     m_amat_hwvec.c
opencc -c -o dslash_fn2.o -DSPEC_CPU   -I. -DFN -DFAST -DCONGRAD_TMP_VECTORS -DDSLASH_TMP_LINKS                  -O3     dslash_fn2.c
opencc -c -o d_congrad5_fn.o -DSPEC_CPU   -I. -DFN -DFAST -DCONGRAD_TMP_VECTORS -DDSLASH_TMP_LINKS                  -O3     d_congrad5_fn.c
opencc -c -o com_vanilla.o -DSPEC_CPU   -I. -DFN -DFAST -DCONGRAD_TMP_VECTORS -DDSLASH_TMP_LINKS                  -O3     com_vanilla.c
opencc -c -o io_nonansi.o -DSPEC_CPU   -I. -DFN -DFAST -DCONGRAD_TMP_VECTORS -DDSLASH_TMP_LINKS                  -O3     io_nonansi.c
opencc       -O3    control.o f_meas.o gauge_info.o setup.o update.o update_h.o update_u.o layout_hyper.o check_unitarity.o d_plaq4.o gaugefix2.o io_helpers.o io_lat4.o make_lattice.o path_product.o ploop3.o ranmom.o ranstuff.o reunitarize2.o gauge_stuff.o grsource_imp.o mat_invert.o quark_stuff.o rephase.o cmplx.o addmat.o addvec.o clear_mat.o clearvec.o m_amatvec.o m_mat_an.o m_mat_na.o m_mat_nn.o m_matvec.o make_ahmat.o rand_ahmat.o realtr.o s_m_a_mat.o s_m_a_vec.o s_m_s_mat.o s_m_vec.o s_m_mat.o su3_adjoint.o su3_dot.o su3_rdot.o su3_proj.o su3mat_copy.o submat.o subvec.o trace_su3.o uncmp_ahmat.o msq_su3vec.o sub4vecs.o m_amv_4dir.o m_amv_4vec.o m_mv_s_4dir.o m_su2_mat_vec_n.o l_su2_hit_n.o r_su2_hit_a.o m_su2_mat_vec_a.o gaussrand.o byterevn.o m_mat_hwvec.o m_amat_hwvec.o dslash_fn2.o d_congrad5_fn.o com_vanilla.o io_nonansi.o   -lm        -o milc
