ifort -c -o tml.o                     -O3    tml.f
