openCC -c -o atmosph.o -DSPEC_CPU             -O3  atmosph.cpp
