opencc -c -o attacks.o -DSPEC_CPU                     -O3     attacks.c
opencc -c -o book.o -DSPEC_CPU                     -O3     book.c
opencc -c -o crazy.o -DSPEC_CPU                     -O3     crazy.c
Print_wo_loc
Left_Opr:  1    Right_Opr:  2
Stmt:
> LDID M M sym2v2 0 ty=8102  <u=1 cr1> flags:0x10 b=-1 #t.init
>OPR_STID M M sym1v3 0 <u=0 cr7> b=-1 flags:0x2 pj2 Sid-1
chi <> 0x0x600000000007a750
Print_wo_loc
Left_Opr:  1    Right_Opr:  2
Stmt:
> LDID M M sym2v2 0 ty=8302  <u=1 cr1> flags:0x10 b=-1 #t.init
>OPR_STID M M sym1v3 0 <u=0 cr7> b=-1 flags:0x2 pj2 Sid-1
chi <> 0x0x60000000001f5c10
opencc -c -o draw.o -DSPEC_CPU                     -O3     draw.c
opencc -c -o ecache.o -DSPEC_CPU                     -O3     ecache.c
opencc -c -o epd.o -DSPEC_CPU                     -O3     epd.c
opencc -c -o eval.o -DSPEC_CPU                     -O3     eval.c
opencc -c -o leval.o -DSPEC_CPU                     -O3     leval.c
opencc -c -o moves.o -DSPEC_CPU                     -O3     moves.c
opencc -c -o neval.o -DSPEC_CPU                     -O3     neval.c
opencc -c -o partner.o -DSPEC_CPU                     -O3     partner.c
opencc -c -o proof.o -DSPEC_CPU                     -O3     proof.c
opencc -c -o rcfile.o -DSPEC_CPU                     -O3     rcfile.c
opencc -c -o search.o -DSPEC_CPU                     -O3     search.c
opencc -c -o see.o -DSPEC_CPU                     -O3     see.c
opencc -c -o seval.o -DSPEC_CPU                     -O3     seval.c
opencc -c -o sjeng.o -DSPEC_CPU                     -O3     sjeng.c
opencc -c -o ttable.o -DSPEC_CPU                     -O3     ttable.c
opencc -c -o utils.o -DSPEC_CPU                     -O3     utils.c
Print_wo_loc
Left_Opr:  1    Right_Opr:  2
Stmt:
> LDID M M sym2v2 0 ty=7c02  <u=1 cr1> flags:0x10 b=-1 #type_to_char.init
>OPR_STID M M sym1v3 0 <u=0 cr63> b=-1 flags:0x2 pj2 Sid-1
chi <> 0x0x600000000018f428
Print_wo_loc
Left_Opr:  1    Right_Opr:  2
Stmt:
> LDID M M sym2v2 0 ty=9a02  <u=1 cr1> flags:0x10 b=-1 #type_to_char.init
>OPR_STID M M sym1v3 0 <u=0 cr31> b=-1 flags:0x2 pj2 Sid-1
chi <> 0x0x600000000005c7c0
opencc       -O3    attacks.o book.o crazy.o draw.o ecache.o epd.o eval.o leval.o moves.o neval.o partner.o proof.o rcfile.o search.o see.o seval.o sjeng.o ttable.o utils.o           -o sjeng
