specperl /home/yjn/WOVP/testcases/spec2006/bin/specpp -w -DUSE_PRE_AND_POST_CONDITIONS -DUSE_ERROR_MANAGEMENT -m literal.pm -m tonto.pm   -DSPEC_CPU   types.F90 -o types.fppized.f90
ifort -c -o types.fppized.o                     -O3    types.fppized.f90
