ifort -c -o advx1.o                     -O3    advx1.f
