ifort -c -o block_solver.o                     -O3    block_solver.f
