openCC -c -o changesoplex.o -DSPEC_CPU   -DNDEBUG          -O3  changesoplex.cc
